git remote add [alias] [url]
add a git URL as an alias
git fetch [alias]
fetch down all the branches from that Git remote
git merge [alias]/[branch]
merge a remote branch into your current branch to bring it up to date
git push [alias] [branch]
Transmit local branch commits to the remote repository branch
git pull
fetch and merge any commits from the tracking remote branch

git config --global user.name “[firstname lastname]”
set a name that is identifiable for credit when review version history
git config --global user.email “[valid-email]”
set an email address that will be associated with each history marker
git config --global color.ui auto
set automatic command line coloring for Git for easy reviewing

git init
initialize an existing directory as a Git repository
git clone [url]
retrieve an entire repository from a hosted location via URL

git branch
list your branches. a * will appear next to the currently active branch
git branch [branch-name]
create a new branch at the current commit
git checkout
switch to another branch and check it out into your working directory
git merge [branch]
merge the specified branch’s history into the current one
git log
show all commits in the current branch’s histor

add new file to a repo:

git init
git add .
git commit -m "initial commit"

git remote add origin [copied web address]
git push -u origin main

modification 1
#check 1.1

Microsoft Windows [Version 10.0.22000.708]
(c) Microsoft Corporation. All rights reserved.

D:\documents\coding_cheetsheet>git --version
git version 2.36.0.windows.1

D:\documents\coding_cheetsheet>git init
Initialized empty Git repository in D:/documents/coding_cheetsheet/.git/

D:\documents\coding_cheetsheet>git status
On branch master

No commits yet

Untracked files:
  (use "git add <file>..." to include in what will be committed)
        Github_cheetsheet.txt

nothing added to commit but untracked files present (use "git add" to track)

D:\documents\coding_cheetsheet>git add -A

D:\documents\coding_cheetsheet>git status
On branch master

No commits yet

Changes to be committed:
  (use "git rm --cached <file>..." to unstage)
        new file:   Github_cheetsheet.txt


D:\documents\coding_cheetsheet>git status
On branch master

No commits yet

Changes to be committed:
  (use "git rm --cached <file>..." to unstage)
        new file:   Github_cheetsheet.txt

Changes not staged for commit:
  (use "git add <file>..." to update what will be committed)
  (use "git restore <file>..." to discard changes in working directory)
        modified:   Github_cheetsheet.txt


D:\documents\coding_cheetsheet>git add .

D:\documents\coding_cheetsheet>git status
On branch master

No commits yet

Changes to be committed:
  (use "git rm --cached <file>..." to unstage)
        new file:   Github_cheetsheet.txt


D:\documents\coding_cheetsheet>git commit -m
error: switch `m' requires a value

D:\documents\coding_cheetsheet>git commit -m "commit 1"
[master (root-commit) 1b969d9] commit 1
 1 file changed, 45 insertions(+)
 create mode 100644 Github_cheetsheet.txt

D:\documents\coding_cheetsheet>git status
On branch master
nothing to commit, working tree clean

D:\documents\coding_cheetsheet>git remote add origin https://github.com/arjunprakash027/cheetsheet.git

D:\documents\coding_cheetsheet>git push -u origin master
Enumerating objects: 3, done.
Counting objects: 100% (3/3), done.
Delta compression using up to 8 threads
Compressing objects: 100% (2/2), done.
Writing objects: 100% (3/3), 875 bytes | 218.00 KiB/s, done.
Total 3 (delta 0), reused 0 (delta 0), pack-reused 0
To https://github.com/arjunprakash027/cheetsheet.git
 * [new branch]      master -> master
branch 'master' set up to track 'origin/master'.